# vim: ft=yaml
command: '/usr/bin/env sudo find /sys/fs/cgroup/blkio/ -printf \"\n%p\n" -exec cat {} 2>/dev/null \;'

values:
  1f109b4ae4c60446f095673ca370f414f569dc771587d72de8be200abcbeef46:
    bytes_total: 70356992
    bytes_read: 0
    bytes_write: 70356992
    io_total: 17177
    io_read: 0
    io_write: 17177
