# vim: ft=python
{
    "events": [{
        "device": "zendev",
        "component": "5f5afa6b219d4d7d65e1434dddcba97bb2798208e317521619d418914beb956f",
        "summary": "container status: up 24 hours",
        "severity": 0,
        "eventClassKey": "dockerContainerStatus",
        "eventKey": "dockerContainerStatus",
    }],
    "values": {
        "5f5afa6b219d4d7d65e1434dddcba97bb2798208e317521619d418914beb956f": {
            "size": 10926161.92,
            "size_virtual": 536346624.0,
        },
    },
}
