# vim: ft=yaml
command: "/usr/bin/env sudo docker ps -a -s --no-trunc 2>/dev/null"

events:
  - device: "1.6.2-ubuntu-12.04"
    component: "docker"
    summary: "received expected output from docker ps"
    severity: 0
    eventClassKey: "docker-ps-status"
    eventKey: "docker-ps-status"
    docker_command: "/usr/bin/env sudo docker ps -a -s --no-trunc 2>/dev/null"
    docker_output: |
      CONTAINER ID                                                       IMAGE                           COMMAND                                          CREATED             STATUS                   PORTS                                                 NAMES               SIZE
      8527dc5f078078839dc0e9dbfeed68fda8e90daf83d7f6c17a7be64a83cc63fa   nginx:latest                    "nginx -g 'daemon off;'"                         3 hours ago         Up 3 hours               443/tcp, 0.0.0.0:8080->80/tcp, 0.0.0.0:8081->81/tcp   nginx               2 B
      9ffff877e5c702dde9583ff8f0d5cdc2a01bbb26fef7ac23e7140fd6f88fb69f   dkuffner/docker-stress:latest   "stress --cpu 8 --io 4 --vm 2 --vm-bytes 128M"   3 hours ago         Up 3 hours                                                                     desperate_babbage   0 B
      46ff00ea5094ffd48c5f1bbce0799e2ffce97554fdb086a8dfb8dac7b0f9fac3   hello-world:latest              "/hello"                                         3 hours ago         Exited (0) 3 hours ago                                                         determined_morse    0 B

  - device: "1.6.2-ubuntu-12.04"
    component: "8527dc5f078078839dc0e9dbfeed68fda8e90daf83d7f6c17a7be64a83cc63fa"
    summary: "container status: up 3 hours"
    severity: 0
    eventClassKey: "dockerContainerStatus"
    eventKey: "dockerContainerStatus"

values:
  8527dc5f078078839dc0e9dbfeed68fda8e90daf83d7f6c17a7be64a83cc63fa:
    size: 2
